###############################################################################
#
# IAR ELF Linker V7.40.2.8542/W32 for ARM                 03/Aug/2016  10:25:58
# Copyright 2007-2015 IAR Systems AB.
#
#    Output file  =  test_ha.out
#    Map file     =  
#        F:/githublocally/zigbeeember572/app/builder/test_ha/IAR ARM -
#        Debug/test_ha.map
#    Command line =  
#        ./simple-main/simple-main.o ./sim-eeprom1/EFR32/sim-eeprom.o
#        ./scenes/scenes-cli.o ./scenes/scenes.o
#        ./scan-dispatch/scan-dispatch.o ./network-find/network-find.o
#        ./idle-sleep/idle-sleep-cli.o ./idle-sleep/idle-sleep-soc.o
#        ./idle-sleep/idle-sleep.o ./identify-feedback/identify-feedback.o
#        ./identify/identify-cli.o ./identify/identify.o
#        ./heartbeat/heartbeat.o ./groups-server/groups-server-cli.o
#        ./groups-server/groups-server.o ./form-and-join/form-and-join-afv2.o
#        ./form-and-join/form-and-join-node-adapter.o
#        ./form-and-join/form-and-join.o ./end-device-support/end-device-move.o
#        ./end-device-support/end-device-support-cli.o
#        ./end-device-support/end-device-support.o
#        ./end-device-support/polling-common.o
#        ./end-device-support/polling-soc.o ./emlib/system_efr32mg1p.o
#        ./ember-minimal-printf/ember-printf.o ./efr32/adc.o
#        ./efr32/assert-crash-handlers.o ./efr32/bsp_stk_leds.o
#        ./efr32/button.o ./efr32/buzzer.o ./efr32/com.o
#        ./efr32/cstartup-common.o ./efr32/diagnostic.o ./efr32/dmadrv.o
#        ./efr32/em_adc.o ./efr32/em_cmu.o ./efr32/em_emu.o ./efr32/em_gpio.o
#        ./efr32/em_int.o ./efr32/em_ldma.o ./efr32/em_leuart.o
#        ./efr32/em_mpu.o ./efr32/em_msc.o ./efr32/em_prs.o ./efr32/em_rmu.o
#        ./efr32/em_rtcc.o ./efr32/em_system.o ./efr32/em_timer.o
#        ./efr32/em_usart.o ./efr32/em_wdog.o ./efr32/ext-device.o
#        ./efr32/faults.o ./efr32/glib.o ./efr32/glib_bitmap.o
#        ./efr32/glib_circle.o ./efr32/glib_font_narrow_6x8.o
#        ./efr32/glib_font_normal_8x8.o ./efr32/glib_font_number_16x20.o
#        ./efr32/glib_line.o ./efr32/glib_rectangle.o ./efr32/glib_string.o
#        ./efr32/gpiointerrupt.o ./efr32/graphics.o ./efr32/isr-stubs.o
#        ./efr32/led.o ./efr32/mfg-token.o ./efr32/micro-common.o
#        ./efr32/micro.o ./efr32/mpu.o ./efr32/rtcdriver.o
#        ./efr32/sleep-efm32.o ./efr32/sleep.o ./efr32/tempdrv.o
#        ./efr32/token-def.o ./efr32/token.o ./efr32/trace.o ./efr32/uartdrv.o
#        ./efr32/ustimer.o ./door-lock-server/door-lock-server.o
#        ./counters/counters-cli.o ./counters/counters-ota.o
#        ./counters/counters-soc.o ./antenna-stub/antenna-stub.o
#        ./address-table/address-table-cli.o ./address-table/address-table.o
#        ./af-event.o ./af-main-common.o ./af-main-soc.o ./af-node.o
#        ./af-security-common.o ./af-trust-center.o ./attribute-size.o
#        ./attribute-storage.o ./attribute-table.o ./call-command-handler.o
#        ./callback-stub.o ./callbacks.o ./cli.o ./client-api.o
#        ./command-interpreter2.o ./core-cli.o ./crc.o ./crypto-state.o
#        ./descriptors.o ./em_usbd.o ./em_usbdch9.o ./em_usbdep.o ./em_usbhal.o
#        ./em_usbint.o ./em_usbtimer.o ./ember-configuration.o ./endian.o
#        ./library.o ./mem-util.o ./message.o ./multi-network.o ./network-cli.o
#        ./option-cli.o ./plugin-cli.o ./print-formatter.o ./print.o
#        ./process-cluster-message.o ./process-global-message.o ./random.o
#        ./security-address-cache.o ./security-cli.o ./serial.o
#        ./service-discovery-common.o ./service-discovery-soc.o
#        ./stack-handler-stub.o ./test_ha_callbacks.o ./time-util.o ./util.o
#        ./zcl-cli.o ./zdo-cli.o ./zigbee-device-common.o
#        ./zigbee-device-library.o -o test_ha.out --config
#        F:/githublocally/zigbeeember572/hal/micro/cortexm3/efm32/efr32/iar-cfg.icf
#        --config_def NULL_BTL=1 --no_wrap_diagnostics
#        F:/githublocally/zigbeeember572//build/debug-basic-library-cortexm3-iar-efr32mg1p-efr32/debug-basic-library.a
#        F:/githublocally/zigbeeember572//build/zll-stub-library-cortexm3-iar-efr32mg1p-efr32/zll-stub-library.a
#        F:/githublocally/zigbeeember572//build/cbke-library-dsa-sign-stub-cortexm3-iar-efr32mg1p-efr32/cbke-library-dsa-sign-stub.a
#        F:/githublocally/zigbeeember572//build/cbke-library-dsa-verify-stub-cortexm3-iar-efr32mg1p-efr32/cbke-library-dsa-verify-stub.a
#        F:/githublocally/zigbeeember572//build/alarm-stub-library-cortexm3-iar-efr32mg1p-efr32/alarm-stub-library.a
#        F:/githublocally/zigbeeember572//build/debug-extended-stub-library-cortexm3-iar-efr32mg1p-efr32/debug-extended-stub-library.a
#        F:/githublocally/zigbeeember572//build/end-device-bind-stub-library-cortexm3-iar-efr32mg1p-efr32/end-device-bind-stub-library.a
#        F:/githublocally/zigbeeember572//build/cbke-283k1-stub-library-cortexm3-iar-efr32mg1p-efr32/cbke-283k1-stub-library.a
#        F:/githublocally/zigbeeember572//build/packet-validate-library-cortexm3-iar-efr32mg1p-efr32/packet-validate-library.a
#        F:/githublocally/zigbeeember572//build/zigbee-pro-stack-cortexm3-iar-efr32mg1p-efr32/zigbee-pro-stack.a
#        F:/githublocally/zigbeeember572//build/hal-library-cortexm3-iar-efr32mg1p-efr32/hal-library.a
#        F:/githublocally/zigbeeember572//build/gp-stub-library-cortexm3-iar-efr32mg1p-efr32/gp-stub-library.a
#        F:/githublocally/zigbeeember572//build/install-code-library-stub-cortexm3-iar-efr32mg1p-efr32/install-code-library-stub.a
#        F:/githublocally/zigbeeember572//build/cbke-163k1-stub-library-cortexm3-iar-efr32mg1p-efr32/cbke-163k1-stub-library.a
#        F:/githublocally/zigbeeember572//build/cbke-stub-library-cortexm3-iar-efr32mg1p-efr32/cbke-stub-library.a
#        F:/githublocally/zigbeeember572//build/security-library-core-cortexm3-iar-efr32mg1p-efr32/security-library-core.a
#        F:/githublocally/zigbeeember572//build/cbke-library-dsa-verify-283k1-stub-cortexm3-iar-efr32mg1p-efr32/cbke-library-dsa-verify-283k1-stub.a
#        F:/githublocally/zigbeeember572//build/binding-table-library-cortexm3-iar-efr32mg1p-efr32/binding-table-library.a
#        F:/githublocally/zigbeeember572//build/sim-eeprom1-library-cortexm3-iar-efr32mg1p-efr32/sim-eeprom1-library.a
#        F:/githublocally/zigbeeember572//build/multi-network-stub-library-cortexm3-iar-efr32mg1p-efr32/multi-network-stub-library.a
#        F:/githublocally/zigbeeember572//build/security-library-link-keys-stub-cortexm3-iar-efr32mg1p-efr32/security-library-link-keys-stub.a
#        F:/githublocally/zigbeeember572//build/enhanced-beacon-request-stub-library-cortexm3-iar-efr32mg1p-efr32/enhanced-beacon-request-stub-library.a
#        F:/githublocally/zigbeeember572//build/rf4ce-stack-stub-library-cortexm3-iar-efr32mg1p-efr32/rf4ce-stack-stub-library.a
#        --entry halEntryPoint --map
#        "F:/githublocally/zigbeeember572/app/builder/test_ha/IAR ARM -
#        Debug/test_ha.map" --log_file
#        "F:/githublocally/zigbeeember572/app/builder/test_ha/IAR ARM -
#        Debug/test_ha.log" --log initialization,modules,sections,veneers
#        --diag_suppress=Lp012 --redirect _Printf=_PrintfFull --redirect
#        _Scanf=_ScanfFull
#
###############################################################################

*******************************************************************************
*** RUNTIME MODEL ATTRIBUTES
***

CppFlavor       = *
__SystemLibrary = DLib


*******************************************************************************
*** PLACEMENT SUMMARY
***

"HEADERS":
       place at start of [0x00000000-0x000000ff] { block HEADER_block };
"APP ro":
       place at start of [0x00000100-0x0003ffff] { block APPRO_block };
"NVM&SIMEE":
       place at end of [0x00000100-0x0003ffff] {
          zi section NVM, zi section SIMEE, zi section INTERNAL_STORAGE };
"APP rw":
       place at end of [0x20000000-0x20007fef] { block APPRW_block };
"Heap":
       place at start of [0x20000000-0x20007fef] { overlay EMHEAP_overlay };
"Guard":
       place in [from 0x20000000 to 0x20007fef] { rw section GUARD_REGION };

  Section                 Kind        Address     Size  Object
  -------                 ----        -------     ----  ------
"HEADERS":                                       0x100
  HEADER_block                     0x00000000    0x100  <Block>
    BAT                   const    0x00000000     0x54  cstartup-common.o [6]
    AAT                   const    0x00000054     0xac  cstartup-common.o [6]
                                 - 0x00000100    0x100

"APP ro":                                      0x2ac7c
  APPRO_block                      0x00000100  0x2ac7c  <Block>
    .intvec               const    0x00000100     0xe0  cstartup-common.o [6]
    .textrw_init                   0x000001e0    0x1d4  <Block>
      Initializer bytes   const    0x000001e0    0x1d4  <for .textrw-1>
    .text                          0x000003b4  0x23468  <Block>
      .text               ro code  0x000003b4    0x134  sim-eeprom.o [19]
      .text               ro code  0x000004e8     0xd2  mem-util.o [1]
      .text               ro code  0x000005ba     0x1a  debug-extended-stub.o [31]
      .text               ro code  0x000005d4    0xb2c  sim-eeprom-internal.o [45]
      .text               ro code  0x00001100    0x1ec  assert-crash-handlers.o [6]
      .text               ro code  0x000012ec     0x66  ABImemset.o [42]
      .text               ro code  0x00001352      0x2  identify-cli.o [13]
      .text               ro code  0x00001354     0xd0  ember-configuration.o [1]
      Veneer              ro code  0x00001424      0x8  - Linker created -
      Veneer              ro code  0x0000142c      0x8  - Linker created -
      Veneer              ro code  0x00001434      0x8  - Linker created -
      .text               ro code  0x0000143c     0xc8  flash.o [36]
      .text               ro code  0x00001504    0x8d0  phy-common.o [46]
      .text               ro code  0x00001dd4     0xac  micro-common.o [6]
      .text               ro code  0x00001e80      0xc  spmr.o [36]
      .text               ro code  0x00001e8c    0x2d0  debug.o [30]
      .text               ro code  0x0000215c     0xcc  serial.o [1]
      .text               ro code  0x00002228    0x17c  micro-internal.o [36]
      .text               ro code  0x000023a4      0x6  ABImemclr4.o [42]
      .text               ro code  0x000023ac    0x11c  phy.o [46]
      .text               ro code  0x000024c8     0x28  em_msc.o [6]
      .text               ro code  0x000024f0    0x9e8  ieee802154_phy.o [46]
      .text               ro code  0x00002ed8      0x6  spmr.o [36]
      .text               ro code  0x00002ee0    0x224  micro.o [6]
      .text               ro code  0x00003104    0x740  radio.o [46]
      .text               ro code  0x00003844     0x18  eui64.o [46]
      .text               ro code  0x0000385c     0x68  ieee802154_filtering.o [46]
      .text               ro code  0x000038c4    0x110  pti.o [46]
      .text               ro code  0x000039d4    0x170  mfg-token.o [6]
      .text               ro code  0x00003b44    0x16c  mac-efr32.o [46]
      .text               ro code  0x00003cb0    0x22c  ember-multi-network-stub.o [39]
      .text               ro code  0x00003edc    0x29c  mac-receive.o [46]
      .text               ro code  0x00004178    0x454  mac.o [46]
      .text               ro code  0x000045cc    0x5b4  mac-indirect.o [46]
      .text               ro code  0x00004b80     0x40  child-table.o [46]
      .text               ro code  0x00004bc0    0x570  em_cmu.o [6]
      .text               ro code  0x00005130     0xa4  em_rmu.o [6]
      .text               ro code  0x000051d4     0x20  em_wdog.o [6]
      .text               ro code  0x000051f4    0x700  packet-buffer.o [46]
      .text               ro code  0x000058f4    0x200  debug-jtag.o [30]
      .text               ro code  0x00005af4    0x218  ember-stack-common.o [46]
      .text               ro code  0x00005d0c    0x568  com.o [6]
      .text               ro code  0x00006274    0x238  ember-printf.o [7]
      .text               ro code  0x000064ac     0x8a  mpu.o [6]
      .text               ro code  0x00006538     0x32  ABImemset48.o [42]
      .text               ro code  0x0000656c    0x14c  rf_rand.o [46]
      .text               ro code  0x000066b8     0x50  tempcal.o [46]
      .text               ro code  0x00006708    0x630  pa.o [46]
      .text               ro code  0x00006d38     0x80  system_efr32mg1p.o [8]
      .text               ro code  0x00006db8     0x20  ieee802154_MRFSKFECWhiteningModeSwitch.o [46]
      .text               ro code  0x00006dd8    0x23c  synth.o [46]
      .text               ro code  0x00007014     0x4c  ir_cal.o [46]
      .text               ro code  0x00007060     0xa0  ieee802154_legacyphyconfig.o [46]
      .text               ro code  0x00007100     0x76  ABImemcpy_unaligned.o [42]
      .text               ro code  0x00007178     0xcc  token.o [6]
      .text               ro code  0x00007244     0x16  led.o [6]
      .text               ro code  0x0000725c    0x156  button.o [6]
      .text               ro code  0x000073b4    0x5d8  em_emu.o [6]
      .text               ro code  0x0000798c      0x2  trace.o [6]
      .text               ro code  0x00007990    0x4cc  rtcdriver.o [6]
      .text               ro code  0x00007e5c    0x2e8  tempdrv.o [6]
      .text               ro code  0x00008144    0x124  sleep-efm32.o [6]
      .text               ro code  0x00008268     0xdc  system-timer.o [36]
      .text               ro code  0x00008344     0xc0  cstartup-common.o [6]
      .text               ro code  0x00008404     0x34  em_system.o [6]
      .text               ro code  0x00008438     0xbc  radio_cmu.o [46]
      .text               ro code  0x000084f4     0x54  rf_test.o [46]
      .text               ro code  0x00008548     0x2a  phy_utils.o [46]
      .text               ro code  0x00008574     0xee  I64DivMod.o [42]
      .text               ro code  0x00008664    0x11c  em_gpio.o [6]
      .text               ro code  0x00008780    0x43c  mac-arbiter.o [46]
      .text               ro code  0x00008bbc    0x234  event-control.o [46]
      .text               ro code  0x00008df0     0x48  random.o [1]
      .text               ro code  0x00008e38     0x6c  rf4ce-stack-stubs.o [41]
      .text               ro code  0x00008ea4    0x5bc  af-main-soc.o [1]
      .text               ro code  0x00009460    0x168  counters-soc.o [4]
      .text               ro code  0x000095c8    0x244  packet-header.o [46]
      .text               ro code  0x0000980c    0x34c  mac-header.o [46]
      .text               ro code  0x00009b58   0x15f4  network.o [46]
      .text               ro code  0x0000b14c    0x430  scan.o [46]
      .text               ro code  0x0000b57c     0x5a  byte-utilities.o [46]
      .text               ro code  0x0000b5d8     0x22  I64Shl.o [42]
      .text               ro code  0x0000b5fc    0x7a8  child.o [46]
      .text               ro code  0x0000bda4      0x6  micro-common-internal.o [36]
      .text               ro code  0x0000bdac     0x24  crc.o [1]
      .text               ro code  0x0000bdd0     0x36  zll-stubs.o [47]
      .text               ro code  0x0000be06      0xe  cbke-crypto-engine-stub.o [29]
      .text               ro code  0x0000be14    0x584  zigbee-stack.o [46]
      .text               ro code  0x0000c398   0x16c6  association.o [46]
      .text               ro code  0x0000da60    0x35c  management.o [46]
      .text               ro code  0x0000ddbc    0xc44  uartdrv.o [6]
      .text               ro code  0x0000ea00     0x50  em_mpu.o [6]
      .text               ro code  0x0000ea50      0xe  spmr.o [36]
      .text               ro code  0x0000ea60      0x6  ABImemclr.o [42]
      .text               ro code  0x0000ea68     0x62  memcmp_unaligned.o [42]
      .text               ro code  0x0000eacc     0xec  bsp_stk_leds.o [6]
      .text               ro code  0x0000ebb8     0xc8  gpiointerrupt.o [6]
      .text               ro code  0x0000ec80    0x924  af-main-common.o [1]
      .text               ro code  0x0000f5a4     0x70  em_rtcc.o [6]
      .text               ro code  0x0000f614      0x4  spmr.o [36]
      .text               ro code  0x0000f618      0x8  spmr.o [36]
      .text               ro code  0x0000f620      0x4  spmr.o [36]
      .text               ro code  0x0000f624    0x194  ustimer.o [6]
      .text               ro code  0x0000f7b8    0x184  protimer.o [46]
      .text               ro code  0x0000f93c      0x2  I64DivZer.o [42]
      .text               ro code  0x0000f940    0x2b4  jit.o [46]
      .text               ro code  0x0000fbf4    0x41c  command.o [46]
      .text               ro code  0x00010010     0x60  mac-info-element-parsing-stub.o [34]
      .text               ro code  0x00010070      0xe  spmr.o [36]
      .text               ro code  0x0001007e      0x6  test_ha_callbacks.o [1]
      .text               ro code  0x00010084    0x140  print.o [1]
      .text               ro code  0x000101c4    0x8c8  diagnostic.o [6]
      .text               ro code  0x00010a8c     0x6c  multi-network.o [1]
      .text               ro code  0x00010af8    0xa88  attribute-storage.o [1]
      .text               ro code  0x00011580    0x840  util.o [1]
      .text               ro code  0x00011dc0     0x10  security-address-cache.o [1]
      .text               ro code  0x00011dd0    0x7e4  command-interpreter2.o [1]
      .text               ro code  0x000125b4    0x19c  af-event.o [1]
      .text               ro code  0x00012750    0xa38  application-support.o [46]
      .text               ro code  0x00013188    0x100  zigbee-dispatch.o [46]
      .text               ro code  0x00013288    0x400  address-table.o [46]
      .text               ro code  0x00013688    0x290  zigbee-device-library.o [1]
      .text               ro code  0x00013918     0xd0  callback-stub.o [1]
      .text               ro code  0x000139e8    0x4c4  binding-table.o [23]
      .text               ro code  0x00013eac    0x302  form-and-join.o [10]
      .text               ro code  0x000141b0    0x128  scan-dispatch.o [17]
      .text               ro code  0x000142d8    0x4e0  route-table.o [46]
      .text               ro code  0x000147b8    0x168  broadcast.o [46]
      .text               ro code  0x00014920    0x2c2  retry.o [46]
      .text               ro code  0x00014be4     0x68  unicast-table.o [46]
      .text               ro code  0x00014c4c      0xe  gp-stub.o [35]
      .text               ro code  0x00014c5c    0x334  child-handling.o [46]
      .text               ro code  0x00014f90    0x638  neighbor.o [46]
      .text               ro code  0x000155c8    0x574  crypto.o [46]
      .text               ro code  0x00015b3c    0x43c  aps-encryption.o [43]
      .text               ro code  0x00015f78    0x5e8  zigbee-packet-header.o [46]
      .text               ro code  0x00016560    0x7ac  route-discovery.o [46]
      .text               ro code  0x00016d0c    0xdb0  aps-security.o [43]
      .text               ro code  0x00017abc    0x1f4  zigbee-neighbor.o [46]
      .text               ro code  0x00017cb0    0x3a0  packet-validate.o [40]
      .text               ro code  0x00018050    0x310  random-id.o [46]
      .text               ro code  0x00018360    0x148  route-error.o [46]
      .text               ro code  0x000184a8    0x3e8  leave.o [46]
      .text               ro code  0x00018890    0x35c  neighbor-exchange.o [46]
      .text               ro code  0x00018bec    0x16c  child-aging.o [46]
      .text               ro code  0x00018d58     0x9c  polling-soc.o [9]
      .text               ro code  0x00018df4    0x974  aps-retry.o [46]
      .text               ro code  0x00019768      0xc  alarm-stub.o [22]
      .text               ro code  0x00019774     0x90  ember-library.o [46]
      .text               ro code  0x00019804     0x12  phy-util.o [46]
      .text               ro code  0x00019816      0x6  cbke-crypto-engine-163k1-stub.o [24]
      .text               ro code  0x0001981c      0x6  cbke-crypto-engine-283k1-stub.o [25]
      .text               ro code  0x00019824    0x38c  zdo-channel.o [46]
      .text               ro code  0x00019bb0    0x564  aps-keys.o [43]
      .text               ro code  0x0001a114      0x8  high-security-stub.o [43]
      .text               ro code  0x0001a11c    0x7e8  zigbee-device-util.o [46]
      .text               ro code  0x0001a904    0x52c  trust-center-util.o [43]
      .text               ro code  0x0001ae30      0xa  enhanced-beacon-request-stub.o [34]
      .text               ro code  0x0001ae3c    0x174  token-cache.o [46]
      .text               ro code  0x0001afb0    0x3a8  dmadrv.o [6]
      .text               ro code  0x0001b358    0x12c  em_usart.o [6]
      .text               ro code  0x0001b484     0x10  crypto-state.o [1]
      .text               ro code  0x0001b494    0x1be  end-device-support.o [9]
      .text               ro code  0x0001b654    0x37a  service-discovery-common.o [1]
      .text               ro code  0x0001b9d0     0x80  af-security-common.o [1]
      .text               ro code  0x0001ba50    0x364  network-find.o [16]
      .text               ro code  0x0001bdb4    0x190  end-device-move.o [9]
      .text               ro code  0x0001bf44     0x64  af-trust-center.o [1]
      .text               ro code  0x0001bfa8     0x8c  af-node.o [1]
      .text               ro code  0x0001c034     0xee  em_timer.o [6]
      .text               ro code  0x0001c124    0x7e4  attribute-table.o [1]
      .text               ro code  0x0001c908    0x190  client-api.o [1]
      .text               ro code  0x0001ca98     0x20  heartbeat.o [12]
      .text               ro code  0x0001cab8     0x98  idle-sleep-soc.o [15]
      .text               ro code  0x0001cb50    0x134  time-util.o [1]
      .text               ro code  0x0001cc84    0x178  print-formatter.o [1]
      .text               ro code  0x0001cdfc    0x44c  groups-server.o [11]
      .text               ro code  0x0001d248     0x78  process-cluster-message.o [1]
      .text               ro code  0x0001d2c0    0x558  process-global-message.o [1]
      .text               ro code  0x0001d818    0x100  message.o [1]
      .text               ro code  0x0001d918    0x5cc  core-cli.o [1]
      .text               ro code  0x0001dee4    0x11c  identify.o [13]
      .text               ro code  0x0001e000      0x4  cbke-crypto-engine-dsa-sign-stub.o [26]
      .text               ro code  0x0001e004     0xf8  zigbee-device-common.o [1]
      .text               ro code  0x0001e0fc     0x6c  form-and-join-node-adapter.o [10]
      .text               ro code  0x0001e168     0x14  form-and-join-afv2.o [10]
      .text               ro code  0x0001e17c     0x9e  aes.o [46]
      .text               ro code  0x0001e21a    0x14c  aes-mmo.o [43]
      .text               ro code  0x0001e366     0x62  hmac.o [43]
      .text               ro code  0x0001e3c8    0x364  aps-keys-transient.o [43]
      .text               ro code  0x0001e72c      0x4  install-code-stub.o [37]
      .text               ro code  0x0001e730      0x4  aps-skke-stub.o [43]
      .text               ro code  0x0001e734     0x16  aps-keys-full-stub.o [44]
      .text               ro code  0x0001e74c     0x70  polling-common.o [9]
      .text               ro code  0x0001e7bc     0xd8  security-config-mfg-3xx.o [43]
      .text               ro code  0x0001e894    0x9bc  zigbee-device.o [46]
      .text               ro code  0x0001f250      0x8  end-device-bind-stub.o [33]
      .text               ro code  0x0001f258    0x16c  em_ldma.o [6]
      .text               ro code  0x0001f3c4     0x56  service-discovery-soc.o [1]
      .text               ro code  0x0001f41c     0x50  attribute-size.o [1]
      .text               ro code  0x0001f46c     0xa0  idle-sleep.o [15]
      .text               ro code  0x0001f50c    0x970  scenes.o [18]
      .text               ro code  0x0001fe7c    0x432  call-command-handler.o [1]
      .text               ro code  0x000202b0     0x6c  identify-feedback.o [14]
      .text               ro code  0x0002031c    0x134  em_crypto.o [46]
      .text               ro code  0x00020450    0x1c4  zdo-binding-table.o [23]
      .text               ro code  0x00020614    0x524  door-lock-server.o [5]
      .text               ro code  0x00020b38     0x30  scenes-cli.o [18]
      .text               ro code  0x00020b68    0x100  idle-sleep-cli.o [15]
      .text               ro code  0x00020c68     0x7c  groups-server-cli.o [11]
      .text               ro code  0x00020ce4    0x33c  end-device-support-cli.o [9]
      .text               ro code  0x00021020     0xe8  adc.o [6]
      .text               ro code  0x00021108    0x130  em_adc.o [6]
      .text               ro code  0x00021238      0x2  faults.o [6]
      .text               ro code  0x0002123c      0x2  faults.o [6]
      .text               ro code  0x00021240      0x2  faults.o [6]
      .text               ro code  0x00021244      0x2  faults.o [6]
      .text               ro code  0x00021248      0x2  faults.o [6]
      .text               ro code  0x0002124c      0x2  faults.o [6]
      .text               ro code  0x00021250      0x2  faults.o [6]
      .text               ro code  0x00021254     0x70  faults.o [6]
      .text               ro code  0x000212c4      0x4  isr-stubs.o [6]
      .text               ro code  0x000212c8     0xe8  counters-cli.o [4]
      .text               ro code  0x000213b0    0x208  address-table-cli.o [2]
      .text               ro code  0x000215b8    0x11c  address-table.o [2]
      .text               ro code  0x000216d4    0x120  library.o [1]
      .text               ro code  0x000217f4    0x304  network-cli.o [1]
      .text               ro code  0x00021af8    0x59c  option-cli.o [1]
      .text               ro code  0x00022094    0x368  security-cli.o [1]
      .text               ro code  0x000223fc    0xafc  zcl-cli.o [1]
      .text               ro code  0x00022ef8    0x768  zdo-cli.o [1]
      .text               ro code  0x00023660    0x174  cstartup-iar.o [36]
      .text               ro code  0x000237d4      0xe  simple-main.o [20]
      .text               ro code  0x000237e4     0x22  fpinit_M.o [38]
      .text               ro code  0x00023806     0x16  cli.o [1]
    .rodata               const    0x00023900    0xf08  ieee802154_annotated.o [46]
    .rodata               const    0x00024808     0x38  sim-eeprom.o [19]
    .rodata               const    0x00024840     0x38  end-device-support-cli.o [9]
    .rodata               const    0x00024878    0x4e8  diagnostic.o [6]
    .rodata               const    0x00024d60    0x124  micro.o [6]
    .rodata               const    0x00024e84    0x3b0  token-def.o [6]
    .rodata               const    0x00025234    0x294  counters-cli.o [4]
    .rodata               const    0x000254c8     0xf0  af-event.o [1]
    .rodata               const    0x000255b8     0x40  af-main-common.o [1]
    .rodata               const    0x000255f8     0x14  attribute-storage.o [1]
    .rodata               const    0x0002560c   0x4b58  cli.o [1]
    .rodata               const    0x0002a164     0x84  command-interpreter2.o [1]
    .rodata               const    0x0002a1e8     0x10  core-cli.o [1]
    .rodata               const    0x0002a1f8      0x3  ember-configuration.o [1]
    .rodata               const    0x0002a1fb      0x1  ember-multi-network-stub.o [39]
    .rodata               const    0x0002a1fc    0x118  library.o [1]
    .rodata               const    0x0002a314     0x28  option-cli.o [1]
    .rodata               const    0x0002a33c     0x20  print.o [1]
    .rodata               const    0x0002a35c     0x30  util.o [1]
    .rodata               const    0x0002a38c      0x1  binding-table.o [23]
    .rodata               const    0x0002a38d      0x1  zll-stubs.o [47]
    .rodata               const    0x0002a38e      0x1  ember-library.o [46]
    .rodata               const    0x0002a38f      0x1  aps-keys-full-stub.o [44]
    .rodata               const    0x0002a390      0x8  ember-version.o [46]
    .rodata               const    0x0002a398      0xc  rf4ce-stack-stubs.o [41]
    .rodata               const    0x0002a3a4      0x1  route-table.o [46]
    .rodata               const    0x0002a3a5      0x1  cbke-crypto-engine-stub.o [29]
    .rodata               const    0x0002a3a6      0x1  cbke-crypto-engine-163k1-stub.o [24]
    .rodata               const    0x0002a3a7      0x1  cbke-crypto-engine-283k1-stub.o [25]
    .rodata               const    0x0002a3a8      0x1  trust-center-util.o [43]
    .rodata               const    0x0002a3a9      0x1  aps-skke-stub.o [43]
    .rodata               const    0x0002a3aa      0x1  end-device-bind-stub.o [33]
    .rodata               const    0x0002a3ab      0x1  enhanced-beacon-request-stub.o [34]
    .rodata               const    0x0002a3ac    0x26c  ieee802154_legacyphyconfig.o [46]
    .rodata               const    0x0002a618    0x250  ieee802154_configurator_out.o [46]
    .rodata               const    0x0002a868      0xc  mfg-token.o [6]
    .rodata               const    0x0002a874      0x1  packet-validate.o [40]
    .rodata               const    0x0002a875      0x1  install-code-stub.o [37]
    .rodata               const    0x0002a876      0x1  alarm-stub.o [22]
    .rodata               const    0x0002a877      0x1  cbke-crypto-engine-dsa-sign-stub.o [26]
    .rodata               const    0x0002a878      0x1  cbke-crypto-engine-dsa-verify-283k1-stub.o [27]
    .rodata               const    0x0002a879      0x1  cbke-crypto-engine-dsa-verify-stub.o [28]
    .data_init                     0x0002a87c    0x500  <Block>
      Initializer bytes   const    0x0002a87c    0x500  <for .data-1>
                                 - 0x0002ad7c  0x2ac7c

"NVM&SIMEE":                                    0x2000
  SIMEE                            0x0003e000   0x2000  <Block>
    SIMEE                 uninit   0x0003e000   0x2000  sim-eeprom.o [19]
                                 - 0x00040000   0x2000

"Heap":                                          0xf20
  EMHEAP_overlay                   0x20000000    0xf20  <Overlay>
    part 1:
      EMHEAP              uninit   0x20000000    0xf20  ember-configuration.o [1]
    part 2:
      RESETINFO                    0x20000000     0x9c  <Block>
        RESETINFO         rw data  0x20000000      0x0  faults.o [6]
        RESETINFO         rw data  0x20000000      0x0  isr-stubs.o [6]
        RESETINFO         rw data  0x20000000      0x0  spmr.o [36]
        RESETINFO         uninit   0x20000000     0x9c  cstartup-common.o [6]
                                 - 0x20000f20    0xf20

"Guard":                                          0x20
  GUARD_REGION            uninit   0x20000f20     0x20  cstartup-common.o [6]
                                 - 0x20000f40     0x20

"APP rw":                                       0x23c0
  APPRW_block                      0x20005c30   0x23c0  <Block>
    ALIGN_CSTACK                   0x20005c30    0x960  <Block>
      CSTACK                       0x20005c30    0x960  <Block>
        CSTACK            rw data  0x20005c30      0x0  faults.o [6]
        CSTACK            rw data  0x20005c30      0x0  isr-stubs.o [6]
        CSTACK            rw data  0x20005c30      0x0  spmr.o [36]
        CSTACK            uninit   0x20005c30    0x960  cstartup-common.o [6]
    .textrw                        0x20006590    0x1d4  <Block>
      .textrw-1                    0x20006590    0x1d4  <Init block>
        Veneer            inited   0x20006590      0x8  - Linker created -
        .textrw           inited   0x20006598    0x1cc  em_msc.o [6]
    .data                          0x20006764    0x500  <Block>
      .data-1                      0x20006764    0x500  <Init block>
        .data             inited   0x20006764      0x1  form-and-join-node-adapter.o [10]
        .data             inited   0x20006768      0x8  end-device-support-cli.o [9]
        .data             inited   0x20006770      0x8  system_efr32mg1p.o [8]
        .data             inited   0x20006778     0x80  com.o [6]
        .data             inited   0x200067f8     0x80  com.o [6]
        .data             inited   0x20006878     0x5c  com.o [6]
        .data             inited   0x200068d4      0x4  em_cmu.o [6]
        .data             inited   0x200068d8     0x50  mpu.o [6]
        .data             inited   0x20006928     0x14  rtcdriver.o [6]
        .data             inited   0x2000693c     0x22  tempdrv.o [6]
        .data             inited   0x20006960     0x20  tempdrv.o [6]
        .data             inited   0x20006980     0x8c  counters-cli.o [4]
        .data             inited   0x20006a0c      0x4  counters-cli.o [4]
        .data             inited   0x20006a10     0x10  af-event.o [1]
        .data             inited   0x20006a20     0x1c  af-event.o [1]
        .data             inited   0x20006a3c      0x1  af-main-common.o [1]
        .data             inited   0x20006a3d      0x1  af-main-soc.o [1]
        .data             inited   0x20006a3e      0x1  command-interpreter2.o [1]
        .data             inited   0x20006a40     0x20  command-interpreter2.o [1]
        .data             inited   0x20006a60      0x1  ember-configuration.o [1]
        .data             inited   0x20006a61      0x1  ember-configuration.o [1]
        .data             inited   0x20006a64      0x4  ember-configuration.o [1]
        .data             inited   0x20006a68      0x4  ember-configuration.o [1]
        .data             inited   0x20006a6c      0x4  ember-configuration.o [1]
        .data             inited   0x20006a70      0x4  ember-configuration.o [1]
        .data             inited   0x20006a74      0x4  ember-configuration.o [1]
        .data             inited   0x20006a78      0x1  ember-configuration.o [1]
        .data             inited   0x20006a7c      0x4  ember-configuration.o [1]
        .data             inited   0x20006a80      0x1  ember-configuration.o [1]
        .data             inited   0x20006a84      0x4  ember-configuration.o [1]
        .data             inited   0x20006a88      0x4  ember-configuration.o [1]
        .data             inited   0x20006a8c      0x4  ember-configuration.o [1]
        .data             inited   0x20006a90      0x1  ember-configuration.o [1]
        .data             inited   0x20006a94      0x4  ember-configuration.o [1]
        .data             inited   0x20006a98      0x4  ember-configuration.o [1]
        .data             inited   0x20006a9c      0x1  ember-configuration.o [1]
        .data             inited   0x20006aa0      0x4  ember-configuration.o [1]
        .data             inited   0x20006aa4      0x1  ember-configuration.o [1]
        .data             inited   0x20006aa8      0x4  ember-configuration.o [1]
        .data             inited   0x20006aac      0x1  ember-configuration.o [1]
        .data             inited   0x20006ab0      0x4  ember-configuration.o [1]
        .data             inited   0x20006ab4      0x1  ember-configuration.o [1]
        .data             inited   0x20006ab8      0x4  ember-configuration.o [1]
        .data             inited   0x20006abc      0x4  ember-configuration.o [1]
        .data             inited   0x20006ac0      0x1  ember-configuration.o [1]
        .data             inited   0x20006ac4      0x4  ember-configuration.o [1]
        .data             inited   0x20006ac8      0x1  ember-configuration.o [1]
        .data             inited   0x20006acc      0x4  ember-configuration.o [1]
        .data             inited   0x20006ad0      0x4  ember-configuration.o [1]
        .data             inited   0x20006ad4      0x1  ember-configuration.o [1]
        .data             inited   0x20006ad8      0x4  ember-configuration.o [1]
        .data             inited   0x20006adc      0x1  ember-configuration.o [1]
        .data             inited   0x20006ae0      0x4  ember-configuration.o [1]
        .data             inited   0x20006ae4      0x2  ember-configuration.o [1]
        .data             inited   0x20006ae6      0x1  ember-configuration.o [1]
        .data             inited   0x20006ae8      0x4  ember-configuration.o [1]
        .data             inited   0x20006aec      0x1  ember-configuration.o [1]
        .data             inited   0x20006aee      0x2  ember-configuration.o [1]
        .data             inited   0x20006af0      0x1  ember-configuration.o [1]
        .data             inited   0x20006af1      0x1  ember-configuration.o [1]
        .data             inited   0x20006af2      0x1  ember-configuration.o [1]
        .data             inited   0x20006af3      0x1  ember-configuration.o [1]
        .data             inited   0x20006af4      0x2  ember-configuration.o [1]
        .data             inited   0x20006af6      0x1  ember-configuration.o [1]
        .data             inited   0x20006af7      0x1  ember-configuration.o [1]
        .data             inited   0x20006af8      0x1  ember-configuration.o [1]
        .data             inited   0x20006af9      0x1  ember-configuration.o [1]
        .data             inited   0x20006afc     0x54  library.o [1]
        .data             inited   0x20006b50      0x2  option-cli.o [1]
        .data             inited   0x20006b54     0x10  print.o [1]
        .data             inited   0x20006b64      0x1  print.o [1]
        .data             inited   0x20006b66      0x4  random.o [1]
        .data             inited   0x20006b6c     0x20  security-cli.o [1]
        .data             inited   0x20006b8c      0x1  util.o [1]
        .data             inited   0x20006b8d      0x1  util.o [1]
        .data             inited   0x20006b8e      0x1  util.o [1]
        .data             inited   0x20006b8f      0x1  zigbee-device-common.o [1]
        .data             inited   0x20006b90      0x2  scan.o [46]
        .data             inited   0x20006b94      0x8  zigbee-stack.o [46]
        .data             inited   0x20006b9c      0x1  zigbee-stack.o [46]
        .data             inited   0x20006b9d      0x1  packet-buffer.o [46]
        .data             inited   0x20006ba0     0x1a  association.o [46]
        .data             inited   0x20006bba      0x1  aps-retry.o [46]
        .data             inited   0x20006bbc      0x4  network.o [46]
        .data             inited   0x20006bc0      0x1  network.o [46]
        .data             inited   0x20006bc2      0xa  phy-common.o [46]
        .data             inited   0x20006bcc      0x1  phy-common.o [46]
        .data             inited   0x20006bcd      0x1  phy-common.o [46]
        .data             inited   0x20006bce      0x1  phy-common.o [46]
        .data             inited   0x20006bcf      0x1  phy-common.o [46]
        .data             inited   0x20006bd0      0x1  phy-common.o [46]
        .data             inited   0x20006bd4      0x4  phy-common.o [46]
        .data             inited   0x20006bd8      0x4  debug.o [30]
        .data             inited   0x20006bdc      0x4  micro-internal.o [36]
        .data             inited   0x20006be0      0x1  pa.o [46]
        .data             inited   0x20006be1      0x2  token-cache.o [46]
        .data             inited   0x20006be4      0x8  zigbee-device.o [46]
        .data             inited   0x20006bec      0x1  child.o [46]
        .data             inited   0x20006bee      0x2  application-support.o [46]
        .data             inited   0x20006bf0      0x1  phy.o [46]
        .data             inited   0x20006bf2      0x2  phy.o [46]
        .data             inited   0x20006bf4      0x2  leave.o [46]
        .data             inited   0x20006bf6      0x1  mac-arbiter.o [46]
        .data             inited   0x20006bf8      0x4  mac-arbiter.o [46]
        .data             inited   0x20006bfc      0x2  zdo-channel.o [46]
        .data             inited   0x20006bfe      0x1  mac-efr32.o [46]
        .data             inited   0x20006bff      0x1  mac-efr32.o [46]
        .data             inited   0x20006c00      0x8  mac-receive.o [46]
        .data             inited   0x20006c08      0x8  mac-indirect.o [46]
        .data             inited   0x20006c10      0x2  management.o [46]
        .data             inited   0x20006c12      0x1  child-handling.o [46]
        .data             inited   0x20006c13      0x1  child-handling.o [46]
        .data             inited   0x20006c14      0x1  jit.o [46]
        .data             inited   0x20006c15      0x1  aps-keys-transient.o [43]
        .data             inited   0x20006c16      0x1  trust-center-util.o [43]
        .data             inited   0x20006c17      0x1  random-id.o [46]
        .data             inited   0x20006c18      0x1  route-discovery.o [46]
        .data             inited   0x20006c1a      0x2  mac-header.o [46]
        .data             inited   0x20006c1c      0x1  packet-validate.o [40]
        .data             inited   0x20006c20     0x40  rf_test.o [46]
        .data             inited   0x20006c60      0x4  synth.o [46]
    DLIB_PERTHREAD_INITIALIZED_DATA
                                   0x20006c64      0x0  <Block>
    DLIB_PERTHREAD_ZERO_DATA
                                   0x20006c64      0x0  <Block>
    .bss                           0x20006c68   0x1388  <Block>
      .bss                uninit   0x20006c68     0xa0  rtcdriver.o [6]
      .bss                uninit   0x20006d08     0x10  mac-indirect.o [46]
      .bss                uninit   0x20006d18     0x70  sim-eeprom.o [19]
      .bss                uninit   0x20006d88     0xa0  scan-dispatch.o [17]
      .bss                uninit   0x20006e28      0xc  network-find.o [16]
      .bss                uninit   0x20006e34      0x8  network-find.o [16]
      .bss                uninit   0x20006e3c      0xc  identify-feedback.o [14]
      .bss                uninit   0x20006e48      0x4  identify.o [13]
      .bss                uninit   0x20006e4c      0x4  heartbeat.o [12]
      .bss                uninit   0x20006e50      0x8  form-and-join-afv2.o [10]
      .bss                uninit   0x20006e58     0x14  form-and-join.o [10]
      .bss                uninit   0x20006e6c      0x4  end-device-move.o [9]
      .bss                uninit   0x20006e70     0x14  end-device-support.o [9]
      .bss                uninit   0x20006e84      0x8  polling-common.o [9]
      .bss                uninit   0x20006e8c      0x4  system_efr32mg1p.o [8]
      .bss                uninit   0x20006e90     0x1c  adc.o [6]
      .bss                uninit   0x20006eac     0x48  com.o [6]
      .bss                uninit   0x20006ef4     0x88  com.o [6]
      .bss                uninit   0x20006f7c     0x48  com.o [6]
      .bss                uninit   0x20006fc4     0x88  com.o [6]
      .bss                uninit   0x2000704c     0xd8  com.o [6]
      .bss                uninit   0x20007124     0x40  com.o [6]
      .bss                uninit   0x20007164      0x4  com.o [6]
      .bss                uninit   0x20007168      0xa  cstartup-common.o [6]
      .bss                uninit   0x20007172      0x2  em_emu.o [6]
      .bss                uninit   0x20007174     0x80  dmadrv.o [6]
      .bss                uninit   0x200071f4    0x100  dmadrv.o [6]
      .bss                uninit   0x200072f4      0x8  em_emu.o [6]
      .bss                uninit   0x200072fc      0x4  em_emu.o [6]
      .bss                uninit   0x20007300      0x4  em_int.o [6]
      .bss                uninit   0x20007304     0x40  gpiointerrupt.o [6]
      .bss                uninit   0x20007344     0x14  rtcdriver.o [6]
      .bss                uninit   0x20007358      0x4  sleep-efm32.o [6]
      .bss                uninit   0x2000735c      0x4  sleep-efm32.o [6]
      .bss                uninit   0x20007360     0x48  tempdrv.o [6]
      .bss                uninit   0x200073a8     0x30  tempdrv.o [6]
      .bss                uninit   0x200073d8     0x14  uartdrv.o [6]
      .bss                uninit   0x200073ec      0xc  ustimer.o [6]
      .bss                uninit   0x200073f8     0x2c  door-lock-server.o [5]
      .bss                uninit   0x20007424     0x20  door-lock-server.o [5]
      .bss                uninit   0x20007444     0x44  counters-soc.o [4]
      .bss                uninit   0x20007488     0x44  counters-soc.o [4]
      .bss                uninit   0x200074cc     0x24  counters-soc.o [4]
      .bss                uninit   0x200074f0      0x8  af-event.o [1]
      .bss                uninit   0x200074f8      0x8  af-event.o [1]
      .bss                uninit   0x20007500      0x8  af-event.o [1]
      .bss                uninit   0x20007508     0x18  af-main-common.o [1]
      .bss                uninit   0x20007520     0x2c  attribute-storage.o [1]
      .bss                uninit   0x2000754c     0x10  client-api.o [1]
      .bss                uninit   0x2000755c     0x80  command-interpreter2.o [1]
      .bss                uninit   0x200075dc     0x30  ember-configuration.o [1]
      .bss                uninit   0x2000760c     0x10  message.o [1]
      .bss                uninit   0x2000761c     0x54  message.o [1]
      .bss                uninit   0x20007670      0x8  multi-network.o [1]
      .bss                uninit   0x20007678     0x14  service-discovery-common.o [1]
      .bss                uninit   0x2000768c     0x20  util.o [1]
      .bss                uninit   0x200076ac      0x8  util.o [1]
      .bss                uninit   0x200076b4     0x54  zcl-cli.o [1]
      .bss                uninit   0x20007708     0x14  zcl-cli.o [1]
      .bss                uninit   0x2000771c     0x1c  zdo-cli.o [1]
      .bss                uninit   0x20007738      0x4  sim-eeprom-internal.o [45]
      .bss                uninit   0x2000773c      0x8  ember-multi-network-stub.o [39]
      .bss                uninit   0x20007744      0x8  ember-multi-network-stub.o [39]
      .bss                uninit   0x2000774c      0x8  ember-multi-network-stub.o [39]
      .bss                uninit   0x20007754      0x8  zll-stubs.o [47]
      .bss                uninit   0x2000775c     0x24  scan.o [46]
      .bss                uninit   0x20007780      0x8  system-timer.o [36]
      .bss                uninit   0x20007788      0xc  association.o [46]
      .bss                uninit   0x20007794      0xc  association.o [46]
      .bss                uninit   0x200077a0      0x8  association.o [46]
      .bss                uninit   0x200077a8      0x8  aps-keys.o [43]
      .bss                uninit   0x200077b0      0xe  aps-retry.o [46]
      .bss                uninit   0x200077be      0x2  address-table.o [2]
      .bss                uninit   0x200077c0     0x44  phy-common.o [46]
      .bss                uninit   0x20007804     0xc8  phy-common.o [46]
      .bss                uninit   0x200078cc    0x190  phy-common.o [46]
      .bss                uninit   0x20007a5c      0xc  pa.o [46]
      .bss                uninit   0x20007a68      0xc  pa.o [46]
      .bss                uninit   0x20007a74      0x8  pti.o [46]
      .bss                uninit   0x20007a7c      0xc  zigbee-dispatch.o [46]
      .bss                uninit   0x20007a88      0x8  eui64.o [46]
      .bss                uninit   0x20007a90     0x10  zigbee-device-util.o [46]
      .bss                uninit   0x20007aa0      0xc  leave.o [46]
      .bss                uninit   0x20007aac      0xc  mac.o [46]
      .bss                uninit   0x20007ab8     0x80  mac.o [46]
      .bss                uninit   0x20007b38     0x10  mac-arbiter.o [46]
      .bss                uninit   0x20007b48     0x68  broadcast.o [46]
      .bss                uninit   0x20007bb0     0x10  zdo-channel.o [46]
      .bss                uninit   0x20007bc0      0x8  mac-efr32.o [46]
      .bss                uninit   0x20007bc8      0x8  high-security-stub.o [43]
      .bss                uninit   0x20007bd0      0x8  neighbor.o [46]
      .bss                uninit   0x20007bd8      0x8  gp-stub.o [35]
      .bss                uninit   0x20007be0      0x8  mac-receive.o [46]
      .bss                uninit   0x20007be8      0xa  mac-indirect.o [46]
      .bss                uninit   0x20007bf2      0x2  message.o [1]
      .bss                uninit   0x20007bf4      0x8  aps-skke-stub.o [43]
      .bss                uninit   0x20007bfc      0x8  neighbor-exchange.o [46]
      .bss                uninit   0x20007c04      0xc  management.o [46]
      .bss                uninit   0x20007c10     0x18  child-handling.o [46]
      .bss                uninit   0x20007c28     0x10  retry.o [46]
      .bss                uninit   0x20007c38      0xc  jit.o [46]
      .bss                uninit   0x20007c44     0x10  aps-keys-transient.o [43]
      .bss                uninit   0x20007c54      0x8  end-device-bind-stub.o [33]
      .bss                uninit   0x20007c5c      0x4  aps-encryption.o [43]
      .bss                uninit   0x20007c60     0x14  unicast-table.o [46]
      .bss                uninit   0x20007c74      0xc  mac-header.o [46]
      .bss                uninit   0x20007c80      0xe  ieee802154_phy.o [46]
      .bss                uninit   0x20007c8e      0x2  print.o [1]
      .bss                uninit   0x20007c90      0x4  ieee802154_phy.o [46]
      .bss                uninit   0x20007c94     0x3c  ieee802154_phy.o [46]
      .bss                uninit   0x20007cd0     0x10  ieee802154_phy.o [46]
      .bss                uninit   0x20007ce0      0x8  radio.o [46]
      .bss                uninit   0x20007ce8     0x10  radio.o [46]
      .bss                uninit   0x20007cf8     0x40  radio.o [46]
      .bss                uninit   0x20007d38    0x240  radio.o [46]
      .bss                uninit   0x20007f78     0x10  rf_test.o [46]
      .bss                uninit   0x20007f88     0x10  synth.o [46]
      .bss                uninit   0x20007f98      0x4  sim-eeprom-internal.o [45]
      .bss                uninit   0x20007f9c      0x2  network.o [46]
      .bss                uninit   0x20007f9e      0x4  zigbee-device.o [46]
      .bss                uninit   0x20007fa2      0x4  child.o [46]
      .bss                uninit   0x20007fa6      0x4  route-table.o [46]
      .bss                uninit   0x20007faa      0x2  jit.o [46]
      .bss                uninit   0x20007fac      0x1  scenes.o [18]
      .bss                uninit   0x20007fad      0x4  scan-dispatch.o [17]
      .bss                uninit   0x20007fb1      0x2  idle-sleep.o [15]
      .bss                uninit   0x20007fb3      0x1  idle-sleep.o [15]
      .bss                uninit   0x20007fb4      0x1  end-device-support.o [9]
      .bss                uninit   0x20007fb5      0x2  button.o [6]
      .bss                uninit   0x20007fb7      0x1  dmadrv.o [6]
      .bss                uninit   0x20007fb8      0x1  em_emu.o [6]
      .bss                uninit   0x20007fb9      0x2  tempdrv.o [6]
      .bss                uninit   0x20007fbb      0x2  token.o [6]
      .bss                uninit   0x20007fbd      0x1  af-event.o [1]
      .bss                uninit   0x20007fbe      0x2  af-trust-center.o [1]
      .bss                uninit   0x20007fc0      0x1  command-interpreter2.o [1]
      .bss                uninit   0x20007fc1      0x1  command-interpreter2.o [1]
      .bss                uninit   0x20007fc2      0x1  crypto-state.o [1]
      .bss                uninit   0x20007fc3      0x1  ember-configuration.o [1]
      .bss                uninit   0x20007fc4      0x1  ember-configuration.o [1]
      .bss                uninit   0x20007fc5      0x1  ember-configuration.o [1]
      .bss                uninit   0x20007fc6      0x1  ember-configuration.o [1]
      .bss                uninit   0x20007fc7      0x1  ember-configuration.o [1]
      .bss                uninit   0x20007fc8      0x1  ember-configuration.o [1]
      .bss                uninit   0x20007fc9      0x1  ember-configuration.o [1]
      .bss                uninit   0x20007fca      0x1  network-cli.o [1]
      .bss                uninit   0x20007fcb      0x1  process-global-message.o [1]
      .bss                uninit   0x20007fcc      0x3  security-address-cache.o [1]
      .bss                uninit   0x20007fcf      0x1  util.o [1]
      .bss                uninit   0x20007fd0      0x1  zigbee-device-common.o [1]
      .bss                uninit   0x20007fd1      0x2  event-control.o [46]
      .bss                uninit   0x20007fd3      0x2  zigbee-stack.o [46]
      .bss                uninit   0x20007fd5      0x1  association.o [46]
      .bss                uninit   0x20007fd6      0x3  network.o [46]
      .bss                uninit   0x20007fd9      0x1  phy-common.o [46]
      .bss                uninit   0x20007fda      0x1  phy-common.o [46]
      .bss                uninit   0x20007fdb      0x1  zigbee-dispatch.o [46]
      .bss                uninit   0x20007fdc      0x1  zigbee-device.o [46]
      .bss                uninit   0x20007fdd      0x1  application-support.o [46]
      .bss                uninit   0x20007fde      0x1  application-support.o [46]
      .bss                uninit   0x20007fdf      0x2  phy.o [46]
      .bss                uninit   0x20007fe1      0x2  mac-arbiter.o [46]
      .bss                uninit   0x20007fe3      0x1  command.o [46]
      .bss                uninit   0x20007fe4      0x1  mac-efr32.o [46]
      .bss                uninit   0x20007fe5      0x1  debug-jtag.o [30]
      .bss                uninit   0x20007fe6      0x1  high-security-stub.o [43]
      .bss                uninit   0x20007fe7      0x1  neighbor.o [46]
      .bss                uninit   0x20007fe8      0x1  child-handling.o [46]
      .bss                uninit   0x20007fe9      0x1  aps-keys-transient.o [43]
      .bss                uninit   0x20007fea      0x1  trust-center-util.o [43]
      .bss                uninit   0x20007feb      0x1  random-id.o [46]
      .bss                uninit   0x20007fec      0x1  random-id.o [46]
      .bss                uninit   0x20007fed      0x1  route-discovery.o [46]
      .bss                uninit   0x20007fee      0x1  mac-header.o [46]
      .bss                uninit   0x20007fef      0x1  radio.o [46]
                                 - 0x20007ff0   0x23c0



*******************************************************************************
*** MODULE SUMMARY
***

    Module                                      ro code  rw code  ro data  rw data
    ------                                      -------  -------  -------  -------
F:\githublocally\zigbeeember572\app\builder\test_ha\IAR ARM - Debug: [1]
    af-event.o                                      412               284       69
    af-main-common.o                              2 340                65       25
    af-main-soc.o                                 1 468                 1        1
    af-node.o                                       140
    af-security-common.o                            128
    af-trust-center.o                               100                          2
    attribute-size.o                                 80
    attribute-storage.o                           2 696                20       44
    attribute-table.o                             2 020
    call-command-handler.o                        1 074
    callback-stub.o                                 208
    cli.o                                            22            19 288
    client-api.o                                    400                         16
    command-interpreter2.o                        2 020               166      163
    core-cli.o                                    1 484                16
    crc.o                                            36
    crypto-state.o                                   16                          1
    ember-configuration.o                           208               157      172
    library.o                                       288               366       84
    mem-util.o                                      210
    message.o                                       256                        102
    multi-network.o                                 108                          8
    network-cli.o                                   772                          1
    option-cli.o                                  1 436                42        2
    print-formatter.o                               376
    print.o                                         320                51       19
    process-cluster-message.o                       120
    process-global-message.o                      1 368                          1
    random.o                                         72                 5        4
    security-address-cache.o                         16                          3
    security-cli.o                                  872                34       32
    serial.o                                        204
    service-discovery-common.o                      890                         20
    service-discovery-soc.o                          86
    test_ha_callbacks.o                               6
    time-util.o                                     308
    util.o                                        2 112                51       44
    zcl-cli.o                                     2 812                        104
    zdo-cli.o                                     1 896                         28
    zigbee-device-common.o                          248                 1        2
    zigbee-device-library.o                         656
    ------------------------------------------------------------------------------
    Total:                                       30 284            20 547      947

F:\githublocally\zigbeeember572\app\builder\test_ha\IAR ARM - Debug\address-table: [2]
    address-table-cli.o                             520
    address-table.o                                 284                          2
    ------------------------------------------------------------------------------
    Total:                                          804                          2

F:\githublocally\zigbeeember572\app\builder\test_ha\IAR ARM - Debug\antenna-stub: [3]
    ------------------------------------------------------------------------------
    Total:

F:\githublocally\zigbeeember572\app\builder\test_ha\IAR ARM - Debug\counters: [4]
    counters-cli.o                                  232               804      144
    counters-soc.o                                  360                        172
    ------------------------------------------------------------------------------
    Total:                                          592               804      316

F:\githublocally\zigbeeember572\app\builder\test_ha\IAR ARM - Debug\door-lock-server: [5]
    door-lock-server.o                            1 316                         76
    ------------------------------------------------------------------------------
    Total:                                        1 316                         76

F:\githublocally\zigbeeember572\app\builder\test_ha\IAR ARM - Debug\efr32: [6]
    adc.o                                           232                         28
    assert-crash-handlers.o                         492
    bsp_stk_leds.o                                  236
    button.o                                        342                          2
    com.o                                         1 384               348    1 048
    cstartup-common.o                               192               480    2 442
    diagnostic.o                                  2 248             1 256
    dmadrv.o                                        936                        385
    em_adc.o                                        304
    em_cmu.o                                      1 392                 4        4
    em_emu.o                                      1 496                         15
    em_gpio.o                                       284
    em_int.o                                                                     4
    em_ldma.o                                       364
    em_mpu.o                                         80
    em_msc.o                                         40      460      460
    em_rmu.o                                        164
    em_rtcc.o                                       112
    em_system.o                                      52
    em_timer.o                                      238
    em_usart.o                                      300
    em_wdog.o                                        32
    faults.o                                        126
    gpiointerrupt.o                                 200                         64
    isr-stubs.o                                       4
    led.o                                            22
    mfg-token.o                                     368                12
    micro-common.o                                  172
    micro.o                                         548               292
    mpu.o                                           138                80       80
    rtcdriver.o                                   1 228                20      200
    sleep-efm32.o                                   292                          8
    tempdrv.o                                       744                68      188
    token-def.o                                                       944
    token.o                                         204                          2
    trace.o                                           2
    uartdrv.o                                     3 140                         20
    ustimer.o                                       404                         12
    ------------------------------------------------------------------------------
    Total:                                       18 512      460    3 964    4 502

F:\githublocally\zigbeeember572\app\builder\test_ha\IAR ARM - Debug\ember-minimal-printf: [7]
    ember-printf.o                                  568
    ------------------------------------------------------------------------------
    Total:                                          568

F:\githublocally\zigbeeember572\app\builder\test_ha\IAR ARM - Debug\emlib: [8]
    system_efr32mg1p.o                              128                 8       12
    ------------------------------------------------------------------------------
    Total:                                          128                 8       12

F:\githublocally\zigbeeember572\app\builder\test_ha\IAR ARM - Debug\end-device-support: [9]
    end-device-move.o                               400                          4
    end-device-support-cli.o                        828                67        8
    end-device-support.o                            446                         21
    polling-common.o                                112                          8
    polling-soc.o                                   156
    ------------------------------------------------------------------------------
    Total:                                        1 942                67       41

F:\githublocally\zigbeeember572\app\builder\test_ha\IAR ARM - Debug\form-and-join: [10]
    form-and-join-afv2.o                             20                          8
    form-and-join-node-adapter.o                    108                 1        1
    form-and-join.o                                 770                         20
    ------------------------------------------------------------------------------
    Total:                                          898                 1       29

F:\githublocally\zigbeeember572\app\builder\test_ha\IAR ARM - Debug\groups-server: [11]
    groups-server-cli.o                             124
    groups-server.o                               1 100
    ------------------------------------------------------------------------------
    Total:                                        1 224

F:\githublocally\zigbeeember572\app\builder\test_ha\IAR ARM - Debug\heartbeat: [12]
    heartbeat.o                                      32                          4
    ------------------------------------------------------------------------------
    Total:                                           32                          4

F:\githublocally\zigbeeember572\app\builder\test_ha\IAR ARM - Debug\identify: [13]
    identify-cli.o                                    2
    identify.o                                      284                          4
    ------------------------------------------------------------------------------
    Total:                                          286                          4

F:\githublocally\zigbeeember572\app\builder\test_ha\IAR ARM - Debug\identify-feedback: [14]
    identify-feedback.o                             108                         12
    ------------------------------------------------------------------------------
    Total:                                          108                         12

F:\githublocally\zigbeeember572\app\builder\test_ha\IAR ARM - Debug\idle-sleep: [15]
    idle-sleep-cli.o                                256
    idle-sleep-soc.o                                152
    idle-sleep.o                                    160                          3
    ------------------------------------------------------------------------------
    Total:                                          568                          3

F:\githublocally\zigbeeember572\app\builder\test_ha\IAR ARM - Debug\network-find: [16]
    network-find.o                                  868                         20
    ------------------------------------------------------------------------------
    Total:                                          868                         20

F:\githublocally\zigbeeember572\app\builder\test_ha\IAR ARM - Debug\scan-dispatch: [17]
    scan-dispatch.o                                 296                        164
    ------------------------------------------------------------------------------
    Total:                                          296                        164

F:\githublocally\zigbeeember572\app\builder\test_ha\IAR ARM - Debug\scenes: [18]
    scenes-cli.o                                     48
    scenes.o                                      2 416                          1
    ------------------------------------------------------------------------------
    Total:                                        2 464                          1

F:\githublocally\zigbeeember572\app\builder\test_ha\IAR ARM - Debug\sim-eeprom1\EFR32: [19]
    sim-eeprom.o                                    308                56    8 304
    ------------------------------------------------------------------------------
    Total:                                          308                56    8 304

F:\githublocally\zigbeeember572\app\builder\test_ha\IAR ARM - Debug\simple-main: [20]
    simple-main.o                                    14
    ------------------------------------------------------------------------------
    Total:                                           14

command line: [21]
    ------------------------------------------------------------------------------
    Total:

alarm-stub-library.a: [22]
    alarm-stub.o                                     12                 1
    ------------------------------------------------------------------------------
    Total:                                           12                 1

binding-table-library.a: [23]
    binding-table.o                               1 220                 1
    zdo-binding-table.o                             452
    ------------------------------------------------------------------------------
    Total:                                        1 672                 1

cbke-163k1-stub-library.a: [24]
    cbke-crypto-engine-163k1-stub.o                   6                 1
    ------------------------------------------------------------------------------
    Total:                                            6                 1

cbke-283k1-stub-library.a: [25]
    cbke-crypto-engine-283k1-stub.o                   6                 1
    ------------------------------------------------------------------------------
    Total:                                            6                 1

cbke-library-dsa-sign-stub.a: [26]
    cbke-crypto-engine-dsa-sign-stub.o                4                 1
    ------------------------------------------------------------------------------
    Total:                                            4                 1

cbke-library-dsa-verify-283k1-stub.a: [27]
    cbke-crypto-engine-dsa-verify-283k1-stub.o                          1
    ------------------------------------------------------------------------------
    Total:                                                              1

cbke-library-dsa-verify-stub.a: [28]
    cbke-crypto-engine-dsa-verify-stub.o                                1
    ------------------------------------------------------------------------------
    Total:                                                              1

cbke-stub-library.a: [29]
    cbke-crypto-engine-stub.o                        14                 1
    ------------------------------------------------------------------------------
    Total:                                           14                 1

debug-basic-library.a: [30]
    debug-jtag.o                                    512                          1
    debug.o                                         720                 4        4
    ------------------------------------------------------------------------------
    Total:                                        1 232                 4        5

debug-extended-stub-library.a: [31]
    debug-extended-stub.o                            26
    ------------------------------------------------------------------------------
    Total:                                           26

dl7M_tln.a: [32]
    ------------------------------------------------------------------------------
    Total:

end-device-bind-stub-library.a: [33]
    end-device-bind-stub.o                            8                 1        8
    ------------------------------------------------------------------------------
    Total:                                            8                 1        8

enhanced-beacon-request-stub-library.a: [34]
    enhanced-beacon-request-stub.o                   10                 1
    mac-info-element-parsing-stub.o                  96
    ------------------------------------------------------------------------------
    Total:                                          106                 1

gp-stub-library.a: [35]
    gp-stub.o                                        14                          8
    ------------------------------------------------------------------------------
    Total:                                           14                          8

hal-library.a: [36]
    cstartup-iar.o                                  372
    flash.o                                         200
    micro-common-internal.o                           6
    micro-internal.o                                380                 4        4
    spmr.o                                           62
    system-timer.o                                  220                          8
    ------------------------------------------------------------------------------
    Total:                                        1 240                 4       12

install-code-library-stub.a: [37]
    install-code-stub.o                               4                 1
    ------------------------------------------------------------------------------
    Total:                                            4                 1

m7M_tls.a: [38]
    fpinit_M.o                                       34
    ------------------------------------------------------------------------------
    Total:                                           34

multi-network-stub-library.a: [39]
    ember-multi-network-stub.o                      556                 1       24
    ------------------------------------------------------------------------------
    Total:                                          556                 1       24

packet-validate-library.a: [40]
    packet-validate.o                               928                 2        1
    ------------------------------------------------------------------------------
    Total:                                          928                 2        1

rf4ce-stack-stub-library.a: [41]
    rf4ce-stack-stubs.o                             108                12
    ------------------------------------------------------------------------------
    Total:                                          108                12

rt7M_tl.a: [42]
    ABImemclr.o                                       6
    ABImemclr4.o                                      6
    ABImemcpy_unaligned.o                           118
    ABImemset.o                                     102
    ABImemset48.o                                    50
    I64DivMod.o                                     238
    I64DivZer.o                                       2
    I64Shl.o                                         34
    memcmp_unaligned.o                               98
    ------------------------------------------------------------------------------
    Total:                                          654

security-library-core.a: [43]
    aes-mmo.o                                       332
    aps-encryption.o                              1 084                          4
    aps-keys-transient.o                            868                 1       18
    aps-keys.o                                    1 380                          8
    aps-security.o                                3 504
    aps-skke-stub.o                                   4                 1        8
    high-security-stub.o                              8                          9
    hmac.o                                           98
    security-config-mfg-3xx.o                       216
    trust-center-util.o                           1 324                 2        2
    ------------------------------------------------------------------------------
    Total:                                        8 818                 4       49

security-library-link-keys-stub.a: [44]
    aps-keys-full-stub.o                             22                 1
    ------------------------------------------------------------------------------
    Total:                                           22                 1

sim-eeprom1-library.a: [45]
    sim-eeprom-internal.o                         2 860                          8
    ------------------------------------------------------------------------------
    Total:                                        2 860                          8

zigbee-pro-stack.a: [46]
    address-table.o                               1 024
    aes.o                                           158
    application-support.o                         2 616                 3        4
    aps-retry.o                                   2 420                 1       15
    association.o                                 5 830                28       59
    broadcast.o                                     360                        104
    byte-utilities.o                                 90
    child-aging.o                                   364
    child-handling.o                                820                 2       27
    child-table.o                                    64
    child.o                                       1 960                 1        5
    command.o                                     1 052                          1
    crypto.o                                      1 396
    em_crypto.o                                     308
    ember-library.o                                 144                 1
    ember-stack-common.o                            536
    ember-version.o                                                     8
    eui64.o                                          24                          8
    event-control.o                                 564                          2
    ieee802154_MRFSKFECWhiteningModeSwitch.o         32
    ieee802154_annotated.o                                          3 848
    ieee802154_configurator_out.o                                     592
    ieee802154_filtering.o                          104
    ieee802154_legacyphyconfig.o                    160               620
    ieee802154_phy.o                              2 536                         94
    ir_cal.o                                         76
    jit.o                                           692                 1       15
    leave.o                                       1 000                 2       14
    mac-arbiter.o                                 1 084                 6       23
    mac-efr32.o                                     364                 2       11
    mac-header.o                                    844                 3       15
    mac-indirect.o                                1 460                 8       34
    mac-receive.o                                   668                 8       16
    mac.o                                         1 108                        140
    management.o                                    860                 2       14
    neighbor-exchange.o                             860                          8
    neighbor.o                                    1 592                          9
    network.o                                     5 620                 6       10
    pa.o                                          1 584                 1       25
    packet-buffer.o                               1 792                 1        1
    packet-header.o                                 580
    phy-common.o                                  2 256                23      689
    phy-util.o                                       18
    phy.o                                           284                 4        5
    phy_utils.o                                      42
    protimer.o                                      388
    pti.o                                           272                          8
    radio.o                                       1 856                        665
    radio_cmu.o                                     188
    random-id.o                                     784                 1        3
    retry.o                                         706                         16
    rf_rand.o                                       332
    rf_test.o                                        84                67       80
    route-discovery.o                             1 964                 1        2
    route-error.o                                   328
    route-table.o                                 1 248                 1        4
[...]
pumpRx                  0x00005e07    0x3e  Code  Gb  com.o [6]
pushEui64               0x00016095    0x10  Code  Lc  zigbee-packet-header.o [46]
pushInt16u              0x00016089     0xc  Code  Lc  zigbee-packet-header.o [46]
quietlyEraseChild       0x0000baf5    0x3c  Code  Lc  child.o [46]
radioCheckCrc           0x20006bcc     0x1  Data  Gb  phy-common.o [46]
radioCurrentPowerStatus
                        0x20006bc4     0x1  Data  Gb  phy-common.o [46]
radioIdlePowerState     0x20006bc3     0x1  Data  Lc  phy-common.o [46]
radioTransmitConfig     0x20006b94     0x8  Data  Gb  zigbee-stack.o [46]
readCounterValue        0x00000f67    0x34  Code  Lc  sim-eeprom-internal.o [45]
readIdentifyTime        0x0001df5f    0x18  Code  Lc  identify.o [13]
readNetworkTokens       0x0000d7cb    0x32  Code  Lc  association.o [46]
readNodeData            0x0000d7fd     0xc  Code  Lc  association.o [46]
readTokenData           0x00000661    0x42  Code  Lc  sim-eeprom-internal.o [45]
recalculateMacDataPendingBitField
                        0x00004a2f    0x36  Code  Lc  mac-indirect.o [46]
receivedTimeoutResponse
                        0x20007c10     0x1  Data  Gb  child-handling.o [46]
recyclePendingAckedMessages
                        0x00018df5    0x46  Code  Lc  aps-retry.o [46]
reenqueueSubmitHead     0x00014b4b    0x78  Code  Lc  retry.o [46]
regBases                0x0000381c     0x8  Data  Lc  radio.o [46]
rejoinUpdateDeviceStatusValues
                        0x0000cc60     0x8  Data  Lc  association.o [46]
releaseTypes            0x0000f55c    0x48  Data  Lc  af-main-common.o [1]
reloadUartBuffer        0x00005e79    0x48  Code  Lc  com.o [6]
removeFromBuffer        0x00009cc9    0x30  Code  Lc  network.o [46]
requestKeyBuffer        0x20006c16     0x1  Data  Lc  trust-center-util.o [43]
rescheduleRtc           0x00007db3    0x68  Code  Lc  rtcdriver.o [6]
resetCauseMasks         0x0000518c    0x48  Data  Lc  em_rmu.o [6]
resetCommand            0x0001db9f     0x4  Code  Gb  core-cli.o [1]
responseTimeoutRemaining
                        0x20007c11     0x1  Data  Gb  child-handling.o [46]
reverse                 0x00021d35    0x22  Code  Lc  option-cli.o [1]
rf4ceNetworkCommandPacketIsValid
                        0x00017f1d    0x62  Code  Lc  packet-validate.o [40]
rf4ceNetworkPacketIsValid
                        0x00017ecb    0x52  Code  Lc  packet-validate.o [40]
rf4ceNwkApplicationCapabilitiesOffset
                        0x0001800c     0x4  Data  Lc  packet-validate.o [40]
rf4ceNwkCommandBaseSizes
                        0x00018000     0xc  Data  Lc  packet-validate.o [40]
rhoActive               0x20007fdf     0x1  Data  Lc  phy.o [46]
routeRequestId          0x20007fed     0x1  Data  Lc  route-discovery.o [46]
routeTableTimer         0x20007fa6     0x1  Data  Lc  route-table.o [46]
rtcRunning              0x20007345     0x1  Data  Lc  rtcdriver.o [6]
rtcdrvIsInitialized     0x20007346     0x1  Data  Lc  rtcdriver.o [6]
runEventHandler         0x00018ffd   0x122  Code  Lc  aps-retry.o [46]
rxWarmTimeUs            0x20007fef     0x1  Data  Lc  radio.o [46]
savedAssertInfo         0x20007168     0x8  Data  Lc  cstartup-common.o [6]
savedResetCause         0x20007170     0x2  Data  Lc  cstartup-common.o [6]
scanChannelMask         0x20007774     0x4  Data  Lc  scan.o [46]
scanDuration            0x2000775d     0x1  Data  Lc  scan.o [46]
scanFrameCounter        0x20007770     0x4  Data  Lc  scan.o [46]
scanRequestHeader       0x20006bfc     0x1  Data  Lc  zdo-channel.o [46]
scanResults             0x20006bfd     0x1  Data  Lc  zdo-channel.o [46]
scanTransmitRetries     0x2000775e     0x1  Data  Lc  scan.o [46]
scansRemaining          0x20007bb3     0x1  Data  Lc  zdo-channel.o [46]
schedule                0x20007424    0x20  Data  Lc  door-lock-server.o [5]
scheduleIdentifyTick    0x0001df8f    0x66  Code  Lc  identify.o [13]
scheduleMoveEvent       0x0001bdb5    0x42  Code  Lc  end-device-move.o [9]
score                   0x0001893f     0xc  Code  Lc  neighbor-exchange.o [46]
securityAddressCacheInit
                        0x00011dc1     0xc  Code  Gb  security-address-cache.o [1]
seed0                   0x20006b66     0x2  Data  Gb  random.o [1]
seed1                   0x20006b68     0x2  Data  Gb  random.o [1]
send                    0x0000ec9d   0x186  Code  Lc  af-main-common.o [1]
sendAckedUnicast        0x0001911f    0xfa  Code  Lc  aps-retry.o [46]
sendApplicationKeys     0x0001acc7    0xe6  Code  Lc  trust-center-util.o [43]
sendFromSource          0x20006bee     0x2  Data  Lc  application-support.o [46]
sendLeaveCommand        0x000187bb    0x74  Code  Lc  leave.o [46]
sendNeighborExchange    0x00018891    0xae  Code  Lc  neighbor-exchange.o [46]
sendNetworkKey          0x0001aac3    0x12  Code  Lc  trust-center-util.o [43]
sendSpecialJoinRequest  0x0000c97b    0xd2  Code  Lc  association.o [46]
sendUpdateDevice        0x00017359    0x4c  Code  Lc  aps-security.o [43]
sendZigDevRequestBuffer
                        0x000138c5    0x46  Code  Lc  zigbee-device-library.o [1]
seqNo                   0x20007800     0x4  Data  Gb  phy-common.o [46]
sequenceNumber          0x20007fe5     0x1  Data  Lc  debug-jtag.o [30]
serialPort              0x20006a3d     0x1  Data  Gb  af-main-soc.o [1]
serverMask              0x20007fa0     0x2  Data  Gb  zigbee-device.o [46]
serviceDiscoveryComplete
                        0x0001b74f    0x50  Code  Lc  service-discovery-common.o [1]
setChildTokenData       0x0000bcc9    0xa6  Code  Lc  child.o [46]
setNonvolatileBinding   0x00013a13    0x2e  Code  Lc  binding-table.o [23]
setOrOverrideTrustCenterEui64
                        0x00019e2b    0x22  Code  Lc  aps-keys.o [43]
setRadioParameters      0x0000d685    0x50  Code  Lc  association.o [46]
setup                   0x00014143    0x3a  Code  Lc  form-and-join.o [10]
setupDiscoveryData      0x0001b727    0x28  Code  Lc  service-discovery-common.o [1]
shift                   0x00008e09    0x10  Code  Lc  random.o [1]
shortIndirectPool       0x20006c0c     0x4  Data  Lc  mac-indirect.o [46]
simEe2offset            0x20007738     0x4  Data  Gb  sim-eeprom-internal.o [45]
simEeErasePage          0x000006ab    0x16  Code  Lc  sim-eeprom-internal.o [45]
simEeSetDataActiveSemaphore
                        0x20007fbc     0x1  Data  Gb  token.o [6]
simulatedEepromStorage  0x0003e000  0x2000  Data  Gb  sim-eeprom.o [19]
singletonAttributeData  0x20007532     0x2  Data  Gb  attribute-storage.o [1]
sizeCache               0x0002481c    0x24  Data  Gb  sim-eeprom.o [19]
sleepTimerInterruptOccurred
                        0x20007780     0x1  Data  Lc  system-timer.o [36]
sleepyBroadcastInfo     0x20007c38     0x1  Data  Lc  jit.o [46]
sleepyEndDevice         0x20006c12     0x1  Data  Lc  child-handling.o [46]
sniffBaudHz             0x20007a78     0x4  Data  Lc  pti.o [46]
sniffMode               0x20007a74     0x4  Data  Lc  pti.o [46]
stackEvents             0x0000c2b8    0xe0  Data  Gb  zigbee-stack.o [46]
stackTokenInfo          0x0001af74    0x3c  Data  Lc  token-cache.o [46]
startChannelScan        0x0000b491    0x64  Code  Lc  scan.o [46]
startNetworkOperation   0x0000c505    0x42  Code  Lc  association.o [46]
startPanIdScan          0x00013f1f    0x32  Code  Lc  form-and-join.o [10]
startScan               0x0001419d    0x12  Code  Lc  form-and-join.o [10]
startTimerNestingLevel  0x2000734c     0x4  Data  Lc  rtcdriver.o [6]
state                   0x20006e28     0x1  Data  Lc  network-find.o [16]
stateTable              0x20006e48     0x4  Data  Lc  identify.o [13]
states                  0x20006e6c     0x4  Data  Lc  end-device-move.o [9]
states                  0x20006e70    0x14  Data  Lc  end-device-support.o [9]
states                  0x20007680     0xc  Data  Lc  service-discovery-common.o [1]
status                  0x0001fe7d    0x16  Code  Lc  call-command-handler.o [1]
storedKeysList          0x20006c15     0x1  Data  Lc  aps-keys-transient.o [43]
stringToUnsignedInt     0x000121b7    0x7c  Code  Lc  command-interpreter2.o [1]
submitCount             0x20007c29     0x1  Data  Lc  retry.o [46]
swoOutput               0x000059e9    0xb8  Code  Lc  debug-jtag.o [30]
syncReg                 0x00004c9d    0x12  Code  Lc  em_cmu.o [6]
systemTimerId           0x20007784     0x4  Data  Lc  system-timer.o [36]
tail                    0x20007faf     0x1  Data  Lc  scan-dispatch.o [17]
tempdrvHighCallbacks    0x20007360    0x30  Data  Lc  tempdrv.o [6]
tempdrvLowCallbacks     0x200073a8    0x30  Data  Lc  tempdrv.o [6]
terminateScanRequest    0x000199e7    0x28  Code  Lc  zdo-channel.o [46]
timeElapsed             0x200073ec     0x1  Data  Lc  ustimer.o [6]
timeoutOptions          0x00014f54    0x3c  Data  Gb  child-handling.o [46]
timeoutPools            0x00004a77    0xd8  Code  Lc  mac-indirect.o [46]
timer                   0x20006c68    0xa0  Data  Lc  rtcdriver.o [6]
titleStrings            0x20006980    0x8c  Data  Gb  counters-cli.o [4]
tokenArraySize          0x00024f10    0x24  Data  Gb  token-def.o [6]
tokenCreators           0x00024e84    0x44  Data  Gb  token-def.o [6]
tokenDefaults           0x000251ac    0x88  Data  Gb  token-def.o [6]
tokenIsCnt              0x00024ec8    0x24  Data  Gb  token-def.o [6]
tokenLength             0x00011e11     0xe  Code  Lc  command-interpreter2.o [1]
tokenPointer            0x00011e1f    0x10  Code  Lc  command-interpreter2.o [1]
tokenSize               0x00024eec    0x24  Data  Gb  token-def.o [6]
tokensActive            0x20007fbb     0x1  Data  Gb  token.o [6]
totalInitialChildren    0x20007a92     0x1  Data  Gb  zigbee-device-util.o [46]
transientKeyFinish      0x0001e5bb    0x28  Code  Lc  aps-keys-transient.o [43]
transmitQueue           0x20007b3c     0x8  Data  Lc  mac-arbiter.o [46]
transportKeyFrameSizes  0x00017ff8     0x8  Data  Lc  packet-validate.o [40]
txState                 0x200077c4     0x1  Data  Gb  phy-common.o [46]
uartdrvHandle           0x200073dc    0x10  Data  Lc  uartdrv.o [6]
uartdrvHandleIsInitialized
                        0x200073d8     0x1  Data  Lc  uartdrv.o [6]
uarthandle              0x200068c8     0xc  Data  Gb  com.o [6]
uarthandledata          0x2000704c    0xd8  Data  Lc  com.o [6]
unSetKey                0x0001ba40    0x10  Data  Lc  af-security-common.o [1]
unbindRequest           0x0002323f    0x88  Code  Lc  zdo-cli.o [1]
unicastHead             0x20007c60     0x1  Data  Lc  unicast-table.o [46]
uninitializedIsr        0x00021251          Code  Gb  faults.o [6]
unknownCounter          0x20006a0c     0x4  Data  Gb  counters-cli.o [4]
unloadTxBuffer          0x00005ef5    0x32  Code  Lc  com.o [6]
unsentMessageCount      0x20007b3a     0x1  Data  Lc  mac-arbiter.o [46]
unsolicitedChannelReport
                        0x20007bb2     0x1  Data  Lc  zdo-channel.o [46]
updateBuffer            0x00005e45    0x34  Code  Gb  com.o [6]
updateInterrupts        0x00007f81    0x9c  Code  Lc  tempdrv.o [6]
updateParentToken       0x0000d97d    0x6c  Code  Lc  association.o [46]
use1MHzClock            0x20006e9c     0x1  Data  Lc  adc.o [6]
userTable               0x200073f8    0x2c  Data  Lc  door-lock-server.o [5]
vFillBuffer             0x0001c909   0x138  Code  Lc  client-api.o [1]
vcoGainPte              0x20007f88     0x1  Data  Gb  synth.o [46]
verifyPin               0x00020615    0x66  Code  Lc  door-lock-server.o [5]
wakeInfo                0x20007358     0x4  Data  Lc  sleep-efm32.o [6]
walkDelayQueue          0x00014921    0xd0  Code  Lc  retry.o [46]
wallClockOverflowCnt    0x20007350     0x4  Data  Lc  rtcdriver.o [6]
wallClockTimeBase       0x20007354     0x4  Data  Lc  rtcdriver.o [6]
write16                 0x00001469    0x4c  Code  Gb  flash.o [36]
writeIdentifyTime       0x0001df77    0x18  Code  Lc  identify.o [13]
writeMessage            0x000056ab    0xb0  Code  Lc  packet-buffer.o [46]
writePageCounters       0x00000d19    0x78  Code  Lc  sim-eeprom-internal.o [45]
writeServerAttribute    0x0001f50d     0xe  Code  Lc  scenes.o [18]
writeTokenBlockData     0x0000060d    0x54  Code  Lc  sim-eeprom-internal.o [45]
xferCfg                 0x0001b324    0x10  Data  Gb  dmadrv.o [6]
zaNodeSecurityInit      0x0001bfa9    0x8c  Code  Gb  af-node.o [1]
zaTrustCenterSecurityPolicyInit
                        0x0001bf45    0x28  Code  Gb  af-trust-center.o [1]
zclBufferAddByte        0x00022503    0x12  Code  Gb  zcl-cli.o [1]
zclBufferAddByteFromArgument
                        0x0002253b     0x8  Code  Gb  zcl-cli.o [1]
zclBufferAddInt16sFromArgument
                        0x00022551     0x8  Code  Gb  zcl-cli.o [1]
zclBufferAddInt32       0x00022527    0x14  Code  Gb  zcl-cli.o [1]
zclBufferAddInt32FromArgument
                        0x0002256f     0x6  Code  Gb  zcl-cli.o [1]
zclBufferAddInt32sFromArgument
                        0x00022559     0x8  Code  Gb  zcl-cli.o [1]
zclBufferAddInt8sFromArgument
                        0x00022543     0x6  Code  Gb  zcl-cli.o [1]
zclBufferAddLengthAndStringFromArgument
                        0x0002257b    0x32  Code  Gb  zcl-cli.o [1]
zclBufferAddWord        0x00022515    0x12  Code  Gb  zcl-cli.o [1]
zclBufferAddWordFromArgument
                        0x00022561     0x6  Code  Gb  zcl-cli.o [1]
zclBufferSetup          0x000224b7    0x4c  Code  Gb  zcl-cli.o [1]
zclClusterNames         0x00011d74    0x30  Data  Gb  util.o [1]
zclCmdIsBuilt           0x20007714     0x1  Data  Gb  zcl-cli.o [1]
zclGlobalCommandDiscoveryCommand
                        0x0002283d    0x2e  Code  Gb  zcl-cli.o [1]
zclGlobalDirection      0x20007716     0x1  Data  Lc  zcl-cli.o [1]
zclGlobalDirectionCommand
                        0x00022669    0x14  Code  Gb  zcl-cli.o [1]
zclGlobalDiscoverCommand
                        0x000226d9     0x4  Code  Gb  zcl-cli.o [1]
zclGlobalExpectReportFromMeCommand
                        0x00022817    0x26  Code  Gb  zcl-cli.o [1]
zclGlobalReadCommand    0x0002267d     0x6  Code  Gb  zcl-cli.o [1]
zclGlobalReportCommand  0x000226e7    0x9e  Code  Gb  zcl-cli.o [1]
zclGlobalReportReadCommand
                        0x00022785    0x20  Code  Gb  zcl-cli.o [1]
zclGlobalSendMeAReportCommand
                        0x000227a5    0x5c  Code  Gb  zcl-cli.o [1]
zclGlobalSetup          0x0002264d    0x1c  Code  Gb  zcl-cli.o [1]
zclGlobalWriteCommand   0x00022683    0x52  Code  Gb  zcl-cli.o [1]
zclIdentifyEzModeCommand
                        0x00023807     0x4  Code  Lc  cli.o [1]
zclIdentifyIdCommand    0x0002380b     0x2  Code  Lc  cli.o [1]
zclIdentifyOnOffCommand
                        0x000228db    0x42  Code  Gb  zcl-cli.o [1]
zclIdentifyQueryCommand
                        0x00023815     0x4  Code  Lc  cli.o [1]
zclIdentifyTriggerCommand
                        0x00023819     0x4  Code  Lc  cli.o [1]
zclMfgCodeCommand       0x00022883    0x26  Code  Gb  zcl-cli.o [1]
zclSimpleCommand        0x000225ad    0xa0  Code  Gb  zcl-cli.o [1]
zclTestResponseOffCommand
                        0x0002287d     0x6  Code  Gb  zcl-cli.o [1]
zclTestResponseOnCommand
                        0x00022877     0x6  Code  Gb  zcl-cli.o [1]
zclTimeCommand          0x000228c7     0xe  Code  Gb  zcl-cli.o [1]
zclXDefaultRespCommand  0x000228a9    0x16  Code  Gb  zcl-cli.o [1]
zdoActiveEpCommand      0x0002316f    0x1c  Code  Gb  zdo-cli.o [1]
zdoAddClusterCommand    0x00023043    0x36  Code  Gb  zdo-cli.o [1]
zdoBindCommand          0x00022fc7    0x74  Code  Gb  zdo-cli.o [1]
zdoClearClusterCommand  0x0002307f    0x18  Code  Gb  zdo-cli.o [1]
zdoIeeeAddressRequestCommand
                        0x00022f0f    0x12  Code  Gb  zdo-cli.o [1]
zdoLeaveRequestCommand  0x000231cf    0x4a  Code  Gb  zdo-cli.o [1]
zdoMatchCommand         0x00022f65    0x38  Code  Gb  zdo-cli.o [1]
zdoMgmtBindCommand      0x000231ad    0x22  Code  Gb  zdo-cli.o [1]
zdoMgmtLqiCommand       0x0002318b    0x22  Code  Gb  zdo-cli.o [1]
zdoNetworkUpdateChannelCommand
                        0x000230ab    0x38  Code  Gb  zdo-cli.o [1]
zdoNetworkUpdateScanCommand
                        0x000230e5    0x4c  Code  Gb  zdo-cli.o [1]
zdoNetworkUpdateSetCommand
                        0x0002313d    0x24  Code  Gb  zdo-cli.o [1]
zdoNodeCommand          0x00022f43    0x1c  Code  Gb  zdo-cli.o [1]
zdoNwkAddressRequestCommand
                        0x00022ef9    0x16  Code  Gb  zdo-cli.o [1]
zdoPowerDescriptorRequestCommand
                        0x00023219    0x20  Code  Gb  zdo-cli.o [1]
zdoRouteRequestCommand  0x0002330d    0x26  Code  Gb  zdo-cli.o [1]
zdoSimpleCommand        0x00022f21    0x22  Code  Gb  zdo-cli.o [1]
zdoUnbindGroupCommand   0x000232c7    0x18  Code  Gb  zdo-cli.o [1]
zdoUnbindUnicastCommand
                        0x000232df    0x2e  Code  Gb  zdo-cli.o [1]
zeroLenByte             0x20007bf2     0x2  Data  Lc  message.o [1]
zigDevApsStruct         0x20007a9c     0x4  Data  Lc  zigbee-device-util.o [46]
zigDevRequestRadius     0x20006b8f     0x1  Data  Gb  zigbee-device-common.o [1]
zigDevRequestSequence   0x20007fd0     0x1  Data  Lc  zigbee-device-common.o [1]
zigDevRequestSequence   0x20007a90     0x1  Data  Lc  zigbee-device-util.o [46]


[1] = F:\githublocally\zigbeeember572\app\builder\test_ha\IAR ARM - Debug
[2] = F:\githublocally\zigbeeember572\app\builder\test_ha\IAR ARM - Debug\address-table
[3] = F:\githublocally\zigbeeember572\app\builder\test_ha\IAR ARM - Debug\antenna-stub
[4] = F:\githublocally\zigbeeember572\app\builder\test_ha\IAR ARM - Debug\counters
[5] = F:\githublocally\zigbeeember572\app\builder\test_ha\IAR ARM - Debug\door-lock-server
[6] = F:\githublocally\zigbeeember572\app\builder\test_ha\IAR ARM - Debug\efr32
[7] = F:\githublocally\zigbeeember572\app\builder\test_ha\IAR ARM - Debug\ember-minimal-printf
[8] = F:\githublocally\zigbeeember572\app\builder\test_ha\IAR ARM - Debug\emlib
[9] = F:\githublocally\zigbeeember572\app\builder\test_ha\IAR ARM - Debug\end-device-support
[10] = F:\githublocally\zigbeeember572\app\builder\test_ha\IAR ARM - Debug\form-and-join
[11] = F:\githublocally\zigbeeember572\app\builder\test_ha\IAR ARM - Debug\groups-server
[12] = F:\githublocally\zigbeeember572\app\builder\test_ha\IAR ARM - Debug\heartbeat
[13] = F:\githublocally\zigbeeember572\app\builder\test_ha\IAR ARM - Debug\identify
[14] = F:\githublocally\zigbeeember572\app\builder\test_ha\IAR ARM - Debug\identify-feedback
[15] = F:\githublocally\zigbeeember572\app\builder\test_ha\IAR ARM - Debug\idle-sleep
[16] = F:\githublocally\zigbeeember572\app\builder\test_ha\IAR ARM - Debug\network-find
[17] = F:\githublocally\zigbeeember572\app\builder\test_ha\IAR ARM - Debug\scan-dispatch
[18] = F:\githublocally\zigbeeember572\app\builder\test_ha\IAR ARM - Debug\scenes
[19] = F:\githublocally\zigbeeember572\app\builder\test_ha\IAR ARM - Debug\sim-eeprom1\EFR32
[20] = F:\githublocally\zigbeeember572\app\builder\test_ha\IAR ARM - Debug\simple-main
[21] = command line
[22] = alarm-stub-library.a
[23] = binding-table-library.a
[24] = cbke-163k1-stub-library.a
[25] = cbke-283k1-stub-library.a
[26] = cbke-library-dsa-sign-stub.a
[27] = cbke-library-dsa-verify-283k1-stub.a
[28] = cbke-library-dsa-verify-stub.a
[29] = cbke-stub-library.a
[30] = debug-basic-library.a
[31] = debug-extended-stub-library.a
[32] = dl7M_tln.a
[33] = end-device-bind-stub-library.a
[34] = enhanced-beacon-request-stub-library.a
[35] = gp-stub-library.a
[36] = hal-library.a
[37] = install-code-library-stub.a
[38] = m7M_tls.a
[39] = multi-network-stub-library.a
[40] = packet-validate-library.a
[41] = rf4ce-stack-stub-library.a
[42] = rt7M_tl.a
[43] = security-library-core.a
[44] = security-library-link-keys-stub.a
[45] = sim-eeprom1-library.a
[46] = zigbee-pro-stack.a
[47] = zll-stub-library.a

  144 488 bytes of readonly  code memory
      468 bytes of readwrite code memory
   30 994 bytes of readonly  data memory
   20 776 bytes of readwrite data memory

Errors: none
Warnings: none
